// Jest Snapshot v1, https://goo.gl/fbAQLP

exports[`GoalStopwatchScreen renders correctly 1`] = `
<View
  style={
    Object {
      "alignItems": "stretch",
      "backgroundColor": "#fff",
      "flex": 1,
      "paddingTop": 104,
    }
  }
>
  <View
    style={
      Object {
        "alignSelf": "center",
        "marginBottom": 34,
      }
    }
  >
    <Text
      style={
        Object {
          "fontSize": 74,
        }
      }
    >
      00:00:00
    </Text>
  </View>
  <View
    style={
      Object {
        "borderRadius": 3,
      }
    }
  >
    <View
      accessible={true}
      focusable={true}
      isTVSelectable={true}
      onClick={[Function]}
      onResponderGrant={[Function]}
      onResponderMove={[Function]}
      onResponderRelease={[Function]}
      onResponderTerminate={[Function]}
      onResponderTerminationRequest={[Function]}
      onStartShouldSetResponder={[Function]}
      style={
        Object {
          "alignSelf": "center",
          "marginBottom": 16,
          "opacity": 1,
          "width": 140,
        }
      }
    >
      <View
        style={
          Object {
            "alignItems": "center",
            "backgroundColor": "#2089dc",
            "borderColor": "#2089dc",
            "borderRadius": 3,
            "borderWidth": 0,
            "flexDirection": "row",
            "justifyContent": "center",
            "padding": 8,
          }
        }
      >
        <Text
          style={
            Object {
              "color": "white",
              "fontSize": 18,
              "paddingBottom": 1,
              "paddingTop": 2,
              "textAlign": "center",
            }
          }
        >
          Start
        </Text>
      </View>
    </View>
  </View>
  <View
    style={
      Object {
        "borderRadius": 3,
      }
    }
  >
    <View
      accessible={true}
      focusable={true}
      isTVSelectable={true}
      onClick={[Function]}
      onResponderGrant={[Function]}
      onResponderMove={[Function]}
      onResponderRelease={[Function]}
      onResponderTerminate={[Function]}
      onResponderTerminationRequest={[Function]}
      onStartShouldSetResponder={[Function]}
      style={
        Object {
          "alignSelf": "center",
          "marginBottom": 16,
          "opacity": 1,
          "width": 140,
        }
      }
    >
      <View
        style={
          Object {
            "alignItems": "center",
            "backgroundColor": "#2089dc",
            "borderColor": "#2089dc",
            "borderRadius": 3,
            "borderWidth": 0,
            "flexDirection": "row",
            "justifyContent": "center",
            "padding": 8,
          }
        }
      >
        <Text
          style={
            Object {
              "color": "white",
              "fontSize": 18,
              "paddingBottom": 1,
              "paddingTop": 2,
              "textAlign": "center",
            }
          }
        >
          Reset
        </Text>
      </View>
    </View>
  </View>
  <Text
    style={
      Object {
        "alignSelf": "center",
        "marginTop": 100,
        "textAlign": "center",
        "width": 340,
      }
    }
  >
    Start the stopwatch and start working on you goal.
  </Text>
  <Text
    style={
      Object {
        "alignSelf": "center",
        "marginTop": 16,
        "textAlign": "center",
        "width": 340,
      }
    }
  >
    When you are finished the time will be added towards completing your goal.
  </Text>
  <Text
    style={
      Object {
        "alignSelf": "center",
        "marginTop": 16,
        "textAlign": "center",
        "width": 340,
      }
    }
  >
    Good luck, you can do it!
  </Text>
</View>
`;
